// Jest Snapshot v1, https://goo.gl/fbAQLP

exports[`Base vue component should make the snapshot 1`] = `
<p>
  This is Base
</p>
`;
