// Jest Snapshot v1, https://goo.gl/fbAQLP

exports[`Task vue component should match the snapshot 1`] = `
<li>
  <router-link-stub
    to="/tasks/123"
  >
     Task Names
  </router-link-stub>
   
  <span>
    is completed
  </span>
</li>
`;
